OUT> Input two integers
3
4
OUT> GCM = 1   LCM = 12
