OUT> Input positive integer
31647
OUT>     3 ** 1
OUT>     7 ** 1
OUT>     11 ** 1
OUT>     137 ** 1
