OUT> please input change
1234
OUT>  1000 yen : 1
OUT>  1000 yen : 1
OUT>   100 yen : 1
OUT>   100 yen : 1
OUT>   100 yen : 1
OUT>    10 yen : 1
OUT>    10 yen : 1
OUT>    10 yen : 1
OUT>    10 yen : 1
OUT>     1 yen : 1
