OUT> proc of p
OUT> proc of q
1
OUT> true
OUT> proc of q
3
OUT> true
