OUT> input the number of data
3
1
2
3
1
2
3
OUT> Sum of data = 12
