OUT>    *** Calculator -- h for help ***
OUT>  Please input command :
+1
OUT> Temporary Result =1
OUT>  Please input command :
+2
OUT> Temporary Result =3
OUT>  Please input command :
/4
OUT> Temporary Result =3/4
OUT>  Please input command :
o
o
OUT> Final Result =3/4
