OUT> input the number of data and data character (readln)
3
a
OUT> 
OUT> aaa
OUT> input the number of data and data character (read)
9b
OUT> 
OUT> bbbbbbbbb
