OUT> Input x for calculating root x
4
OUT> root 4 = 2
